!! warning: the definition bad is NOT provably correct (weight_bound: 2, depth_bound: 2)
val
   bad : nat → nat * list(nat)
    | (bad n).Fst² = n
    | (bad n).Snd² = Cons³ (bad (n+1))

