>> option verbose is set to 1
>> coinductive type stream was succesfully defined
>> inductive type tree was succesfully defined
>> Typing for bad successful
>> the definition for bad is complete
!! warning: the definition bad is NOT provably total (weight_bound: 2, depth_bound: 2)

>> Typing for t successful
>> the definition for t is complete
>> the definition t is provably correct

val
    bad : stream(tree)
  | bad.Head¹ = Node² bad
  | bad.Tail¹ = bad

