>> inductive type t was succesfully defined
** error: type undefined doesn't exist
