>> option verbose is set to 1
** error: constructor A doesn't exist in the environment
