>> inductive type nat was succesfully defined
>> inductive type plus was succesfully defined
>> coinductive type stream was succesfully defined
>> coinductive type nuY was succesfully defined
>> inductive type muY was succesfully defined
>> inductive type list1 was succesfully defined
>> coinductive type stream2 was succesfully defined
>> inductive type stream3 was succesfully defined
>> coinductive type stream4 was succesfully defined
>> Typing for _aux₄, _aux₃, _aux₂, _aux₁, convert2 successful
>> the definition for convert2 is complete
>> the definition for _aux₁ is complete
>> the definition for _aux₂ is complete
>> the definition for _aux₃ is complete
>> the definition for _aux₄ is complete
>> the definitions _aux₄, _aux₃, _aux₂, _aux₁, convert2 are provably correct

>> Typing for _aux₇, _aux₆, _aux₅, convert3 successful
>> the definition for convert3 is complete
>> the definition for _aux₅ is complete
>> the definition for _aux₆ is complete
>> the definition for _aux₇ is complete
>> the definitions _aux₇, _aux₆, _aux₅, convert3 are provably correct

>> Typing for _aux₉, _aux₈, _aux₁₂, _aux₁₁, _aux₁₀, convert4 successful
>> the definition for convert4 is complete
>> the definition for _aux₁₀ is complete
>> the definition for _aux₁₁ is complete
>> the definition for _aux₁₂ is complete
>> the definition for _aux₈ is complete
>> the definition for _aux₉ is complete
>> the definitions _aux₉, _aux₈, _aux₁₂, _aux₁₁, _aux₁₀, convert4 are provably correct

>> Typing for _aux₁₈, _aux₁₇, _aux₁₆, _aux₁₅, _aux₁₄, _aux₁₃, stream2_to_4 successful
>> the definition for stream2_to_4 is complete
>> the definition for _aux₁₃ is complete
>> the definition for _aux₁₄ is complete
>> the definition for _aux₁₅ is complete
>> the definition for _aux₁₆ is complete
>> the definition for _aux₁₇ is complete
>> the definition for _aux₁₈ is complete
>> the definitions _aux₁₈, _aux₁₇, _aux₁₆, _aux₁₅, _aux₁₄, _aux₁₃, stream2_to_4 are provably correct

>> Typing for _aux₂₆, _aux₂₅, _aux₂₄, _aux₂₃, _aux₂₂, _aux₂₁, _aux₂₀, _aux₁₉, s34_map, stream3_to_4 successful
>> the definition for stream3_to_4 is complete
>> the definition for s34_map is complete
>> the definition for _aux₁₉ is complete
>> the definition for _aux₂₀ is complete
>> the definition for _aux₂₁ is complete
>> the definition for _aux₂₂ is complete
>> the definition for _aux₂₃ is complete
>> the definition for _aux₂₄ is complete
>> the definition for _aux₂₅ is complete
>> the definition for _aux₂₆ is complete
>> the definitions _aux₂₆, _aux₂₅, _aux₂₄, _aux₂₃, _aux₂₂, _aux₂₁, _aux₂₀, _aux₁₉, s34_map, stream3_to_4 are provably correct

>> Typing for _aux₃₁, _aux₃₀, _aux₂₉, _aux₂₈, _aux₂₇, stream3_to_4_bis successful
>> the definition for stream3_to_4_bis is complete
>> the definition for _aux₂₇ is complete
>> the definition for _aux₂₈ is complete
>> the definition for _aux₂₉ is complete
>> the definition for _aux₃₀ is complete
>> the definition for _aux₃₁ is complete
!! warning: the definitions _aux₃₁, _aux₃₀, _aux₂₉, _aux₂₈, _aux₂₇, stream3_to_4_bis are NOT provably correct (weight_bound: 2, depth_bound: 2)

>> Typing for _aux₃₄, _aux₃₃, _aux₃₂, stream3_to_2_op successful
>> the definition for stream3_to_2_op is complete
>> the definition for _aux₃₂ is complete
>> the definition for _aux₃₃ is complete
>> the definition for _aux₃₄ is complete
>> the definitions _aux₃₄, _aux₃₃, _aux₃₂, stream3_to_2_op are provably correct

>> Typing for _aux₃₅, zeros2 successful
>> the definition for zeros2 is complete
>> the definition for _aux₃₅ is complete
>> the definitions _aux₃₅, zeros2 are provably correct

>> Typing for _aux₃₇, _aux₃₆, ones_n2_aux successful
>> the definition for ones_n2_aux is complete
>> the definition for _aux₃₆ is complete
>> the definition for _aux₃₇ is complete
>> the definitions _aux₃₇, _aux₃₆, ones_n2_aux are provably correct

>> Typing for ones_n2 successful
>> the definition for ones_n2 is complete
>> the definition ones_n2 is provably correct

>> Typing for _aux₃₉, _aux₃₈, ones_f2_aux successful
>> the definition for ones_f2_aux is complete
>> the definition for _aux₃₈ is complete
>> the definition for _aux₃₉ is complete
>> the definitions _aux₃₉, _aux₃₈, ones_f2_aux are provably correct

>> Typing for ones_f2 successful
>> the definition for ones_f2 is complete
>> the definition ones_f2 is provably correct

>> Typing for _aux₄₀, ones3_aux successful
>> the definition for ones3_aux is complete
>> the definition for _aux₄₀ is complete
>> the definitions _aux₄₀, ones3_aux are provably correct

>> Typing for ones3 successful
>> the definition for ones3 is complete
>> the definition ones3 is provably correct

>> Typing for _aux₄₁, n_zeros_ones3_aux, n_zeros_ones3 successful
>> the definition for n_zeros_ones3 is complete
>> the definition for n_zeros_ones3_aux is complete
>> the definition for _aux₄₁ is complete
>> the definitions _aux₄₁, n_zeros_ones3_aux, n_zeros_ones3 are provably correct

>> Typing for _aux₄₃, _aux₄₂, get_n_ones3_aux, get_n_ones3 successful
>> the definition for get_n_ones3 is complete
>> the definition for get_n_ones3_aux is complete
>> the definition for _aux₄₂ is complete
>> the definition for _aux₄₃ is complete
>> the definitions _aux₄₃, _aux₄₂, get_n_ones3_aux, get_n_ones3 are provably correct

>> Typing for _aux₄₄, map_length1_aux, map_length1 successful
>> the definition for map_length1 is complete
>> the definition for map_length1_aux is complete
>> the definition for _aux₄₄ is complete
>> the definitions _aux₄₄, map_length1_aux, map_length1 are provably correct

>> Typing for test1 successful
>> the definition for test1 is complete
>> the definition test1 is provably correct

>> 
>>   {
>>     Head = 0;
>>     Tail = 
>>       {
>>         Head = 0;
>>         Tail = 
>>           {
>>             Head = 0;
>>             Tail = 
>>               {<1>}}}}
>> of type: stream(nat)

>> Typing for test2 successful
>> the definition for test2 is complete
>> the definition test2 is provably correct

>> 
>>   {
>>     Head = 1;
>>     Tail = 
>>       {
>>         Head = 1;
>>         Tail = 
>>           {
>>             Head = 1;
>>             Tail = 
>>               {
>>                 Head = 0;
>>                 Tail = 
>>                   {
>>                     Head = 1;
>>                     Tail = 
>>                       {
>>                         Head = 1;
>>                         Tail = 
>>                           {
>>                             Head = 1;
>>                             Tail = 
>>                               {
>>                                 Head = 0;
>>                                 Tail = 
>>                                   {
>>                                     Head = 1;
>>                                     Tail = 
>>                                       {<1>}}}}}}}}}}
>> of type: stream(nat)

>> Typing for k3 successful
>> the definition for k3 is complete
>> the definition k3 is provably correct

>> Typing for test3 successful
>> the definition for test3 is complete
>> the definition test3 is provably correct

>> 
>>   {
>>     Head = 0;
>>     Tail = 
>>       {
>>         Head = 1;
>>         Tail = 
>>           {
>>             Head = 1;
>>             Tail = 
>>               {
>>                 Head = 1;
>>                 Tail = 
>>                   {
>>                     Head = 0;
>>                     Tail = 
>>                       {
>>                         Head = 1;
>>                         Tail = 
>>                           {
>>                             Head = 1;
>>                             Tail = 
>>                               {
>>                                 Head = 1;
>>                                 Tail = 
>>                                   {
>>                                     Head = 0;
>>                                     Tail = 
>>                                       {<1>}}}}}}}}}}
>> of type: stream(nat)

>> Typing for id successful
>> the definition for id is complete
>> the definition id is provably correct

>> Typing for test4 successful
>> the definition for test4 is complete
>> the definition test4 is provably correct

>> 
>>   {
>>     Head = 0;
>>     Tail = 
>>       {
>>         Head = 0;
>>         Tail = 
>>           {
>>             Head = 1;
>>             Tail = 
>>               {
>>                 Head = 0;
>>                 Tail = 
>>                   {
>>                     Head = 1;
>>                     Tail = 
>>                       {
>>                         Head = 1;
>>                         Tail = 
>>                           {
>>                             Head = 0;
>>                             Tail = 
>>                               {
>>                                 Head = 1;
>>                                 Tail = 
>>                                   {
>>                                     Head = 1;
>>                                     Tail = 
>>                                       {
>>                                         Head = 1;
>>                                         Tail = 
>>                                           {
>>                                             Head = 0;
>>                                             Tail = 
>>                                               {
>>                                                 Head = 1;
>>                                                 Tail = 
>>                                                   {
>>                                                     Head = 1;
>>                                                     Tail = 
>>                                                       {
>>                                                         Head = 1;
>>                                                         Tail = 
>>                                                           {
>>                                                             Head = 1;
>>                                                             Tail = 
>>                                                               {
>>                                                                 Head = 0;
>>                                                                 Tail = 
>>                                                                   {<1>}}}}}}}}}}}}}}}}}
>> of type: stream(nat)

>> Typing for test5 successful
>> the definition for test5 is complete
>> the definition test5 is provably correct

>> 
>>   {
>>     Head = 1;
>>     Tail = 
>>       {
>>         Head = 1;
>>         Tail = 
>>           {
>>             Head = 1;
>>             Tail = 
>>               {
>>                 Head = 1;
>>                 Tail = 
>>                   {
>>                     Head = 1;
>>                     Tail = 
>>                       {
>>                         Head = 1;
>>                         Tail = 
>>                           {<1>}}}}}}}
>> of type: stream(nat)

>> Typing for test6 successful
>> the definition for test6 is complete
>> the definition test6 is provably correct

>> 
>>   {
>>     Head = 0;
>>     Tail = 
>>       {
>>         Head = 0;
>>         Tail = 
>>           {
>>             Head = 0;
>>             Tail = 
>>               {
>>                 Head = 0;
>>                 Tail = 
>>                   {
>>                     Head = 0;
>>                     Tail = 
>>                       {
>>                         Head = 1;
>>                         Tail = 
>>                           {
>>                             Head = 1;
>>                             Tail = 
>>                               {
>>                                 Head = 1;
>>                                 Tail = 
>>                                   {
>>                                     Head = 1;
>>                                     Tail = 
>>                                       {<1>}}}}}}}}}}
>> of type: stream(nat)

>> Typing for test7 successful
>> the definition for test7 is complete
>> the definition test7 is provably correct

>> 
>>   {
>>     Head = 0;
>>     Tail = 
>>       {
>>         Head = 0;
>>         Tail = 
>>           {
>>             Head = 1;
>>             Tail = 
>>               {
>>                 Head = 0;
>>                 Tail = 
>>                   {
>>                     Head = 1;
>>                     Tail = 
>>                       {
>>                         Head = 1;
>>                         Tail = 
>>                           {
>>                             Head = 0;
>>                             Tail = 
>>                               {
>>                                 Head = 1;
>>                                 Tail = 
>>                                   {
>>                                     Head = 1;
>>                                     Tail = 
>>                                       {
>>                                         Head = 1;
>>                                         Tail = 
>>                                           {
>>                                             Head = 0;
>>                                             Tail = 
>>                                               {
>>                                                 Head = 1;
>>                                                 Tail = 
>>                                                   {
>>                                                     Head = 1;
>>                                                     Tail = 
>>                                                       {
>>                                                         Head = 1;
>>                                                         Tail = 
>>                                                           {
>>                                                             Head = 1;
>>                                                             Tail = 
>>                                                               {
>>                                                                 Head = 1;
>>                                                                 Tail = 
>>                                                                   {
>>                                                                     Head = 1;
>>                                                                     Tail = 
>>                                                                       {
>>                                                                         Head = 1;
>>                                                                         Tail = 
>>                                                                           {
>>                                                                             Head = 1;
>>                                                                             Tail = 
>>                                                                               {
>>                                                                                 Head = 1;
>>                                                                                 Tail = 
>>                                                                                   {<1>}}}}}}}}}}}}}}}}}}}}}
>> of type: stream(nat)

>> Typing for test8 successful
>> the definition for test8 is complete
>> the definition test8 is provably correct

>> 
>>   {
>>     Head = 3;
>>     Tail = 
>>       {
>>         Head = 3;
>>         Tail = 
>>           {
>>             Head = 3;
>>             Tail = 
>>               {
>>                 Head = 3;
>>                 Tail = 
>>                   {
>>                     Head = 3;
>>                     Tail = 
>>                       {
>>                         Head = 3;
>>                         Tail = 
>>                           {
>>                             Head = 3;
>>                             Tail = 
>>                               {
>>                                 Head = 3;
>>                                 Tail = 
>>                                   {
>>                                     Head = 3;
>>                                     Tail = 
>>                                       {
>>                                         Head = 3;
>>                                         Tail = 
>>                                           {<1>}}}}}}}}}}}
>> of type: stream(nat)

>> Typing for test9 successful
>> the definition for test9 is complete
>> the definition test9 is provably correct

>> 
>>   {
>>     Head = 0;
>>     Tail = 
>>       {
>>         Head = 3;
>>         Tail = 
>>           {
>>             Head = 3;
>>             Tail = 
>>               {
>>                 Head = 3;
>>                 Tail = 
>>                   {
>>                     Head = 3;
>>                     Tail = 
>>                       {
>>                         Head = 3;
>>                         Tail = 
>>                           {
>>                             Head = 3;
>>                             Tail = 
>>                               {
>>                                 Head = 3;
>>                                 Tail = 
>>                                   {
>>                                     Head = 3;
>>                                     Tail = 
>>                                       {
>>                                         Head = 3;
>>                                         Tail = 
>>                                           {<1>}}}}}}}}}}}
>> of type: stream(nat)

>> Typing for test10 successful
>> the definition for test10 is complete
>> the definition test10 is provably correct

>> 
>>   {
>>     Head = 0;
>>     Tail = 
>>       {
>>         Head = 0;
>>         Tail = 
>>           {
>>             Head = 1;
>>             Tail = 
>>               {
>>                 Head = 2;
>>                 Tail = 
>>                   {
>>                     Head = 3;
>>                     Tail = 
>>                       {
>>                         Head = 4;
>>                         Tail = 
>>                           {
>>                             Head = 5;
>>                             Tail = 
>>                               {
>>                                 Head = 6;
>>                                 Tail = 
>>                                   {
>>                                     Head = 7;
>>                                     Tail = 
>>                                       {
>>                                         Head = 8;
>>                                         Tail = 
>>                                           {<1>}}}}}}}}}}}
>> of type: stream(nat)

>> Typing for test12 successful
>> the definition for test12 is complete
>> the definition test12 is provably correct

>> 
>>   {
>>     Head = 0;
>>     Tail = 
>>       {
>>         Head = 0;
>>         Tail = 
>>           {
>>             Head = 1;
>>             Tail = 
>>               {
>>                 Head = 0;
>>                 Tail = 
>>                   {
>>                     Head = 1;
>>                     Tail = 
>>                       {
>>                         Head = 1;
>>                         Tail = 
>>                           {
>>                             Head = 0;
>>                             Tail = 
>>                               {
>>                                 Head = 1;
>>                                 Tail = 
>>                                   {
>>                                     Head = 1;
>>                                     Tail = 
>>                                       {
>>                                         Head = 1;
>>                                         Tail = 
>>                                           {
>>                                             Head = 0;
>>                                             Tail = 
>>                                               {
>>                                                 Head = 1;
>>                                                 Tail = 
>>                                                   {
>>                                                     Head = 1;
>>                                                     Tail = 
>>                                                       {
>>                                                         Head = 1;
>>                                                         Tail = 
>>                                                           {
>>                                                             Head = 1;
>>                                                             Tail = 
>>                                                               {
>>                                                                 Head = 0;
>>                                                                 Tail = 
>>                                                                   {<1>}}}}}}}}}}}}}}}}}
>> of type: stream(nat)

>> Typing for test13 successful
>> the definition for test13 is complete
>> the definition test13 is provably correct

>> 
>>   {
>>     Head = 0;
>>     Tail = 
>>       {
>>         Head = 0;
>>         Tail = 
>>           {
>>             Head = 1;
>>             Tail = 
>>               {
>>                 Head = 0;
>>                 Tail = 
>>                   {
>>                     Head = 1;
>>                     Tail = 
>>                       {
>>                         Head = 1;
>>                         Tail = 
>>                           {
>>                             Head = 0;
>>                             Tail = 
>>                               {
>>                                 Head = 1;
>>                                 Tail = 
>>                                   {
>>                                     Head = 1;
>>                                     Tail = 
>>                                       {
>>                                         Head = 1;
>>                                         Tail = 
>>                                           {
>>                                             Head = 0;
>>                                             Tail = 
>>                                               {
>>                                                 Head = 1;
>>                                                 Tail = 
>>                                                   {
>>                                                     Head = 1;
>>                                                     Tail = 
>>                                                       {
>>                                                         Head = 1;
>>                                                         Tail = 
>>                                                           {
>>                                                             Head = 1;
>>                                                             Tail = 
>>                                                               {
>>                                                                 Head = 1;
>>                                                                 Tail = 
>>                                                                   {
>>                                                                     Head = 1;
>>                                                                     Tail = 
>>                                                                       {
>>                                                                         Head = 1;
>>                                                                         Tail = 
>>                                                                           {
>>                                                                             Head = 1;
>>                                                                             Tail = 
>>                                                                               {
>>                                                                                 Head = 1;
>>                                                                                 Tail = 
>>                                                                                   {<1>}}}}}}}}}}}}}}}}}}}}}
>> of type: stream(nat)

>> Typing for test14 successful
>> the definition for test14 is complete
>> the definition test14 is provably correct

>> 
>>   {
>>     Head = 1;
>>     Tail = 
>>       {
>>         Head = 1;
>>         Tail = 
>>           {
>>             Head = 1;
>>             Tail = 
>>               {
>>                 Head = 1;
>>                 Tail = 
>>                   {
>>                     Head = 1;
>>                     Tail = 
>>                       {
>>                         Head = 0;
>>                         Tail = 
>>                           {
>>                             Head = 0;
>>                             Tail = 
>>                               {
>>                                 Head = 0;
>>                                 Tail = 
>>                                   {
>>                                     Head = 0;
>>                                     Tail = 
>>                                       {
>>                                         Head = 0;
>>                                         Tail = 
>>                                           {
>>                                             Head = 0;
>>                                             Tail = 
>>                                               {
>>                                                 Head = 0;
>>                                                 Tail = 
>>                                                   {<1>}}}}}}}}}}}}}
>> of type: stream(nat)

