-- inductive type nat was succesfully defined
-- Typing for f successful
--!! match failures:
--!!   f 1
--!! the definition for f is incomplete
-- inductive type list was succesfully defined
-- Typing for last successful
--!! match failures:
--!!   last []
--!! the definition for last is incomplete
-- Typing for last2 successful
--!! match failures:
--!!   last2 []
--** the definition for last2 is incomplete
-- Typing for merge successful
-- the definition for merge is complete
-- Typing for test1 successful
--!! match failures:
--!!   test1 []
--!!   test1 [x₂; x₄]
--!!   test1 [x₂; x₄; x₆; x₈]
--** the definition for test1 is incomplete
