[31m--** [0mfunction f is not complete
val
   last : list('a) â†’ 'a
    | last [x] = x
    | last (x::xs) = last xs

[31m--** [0mfunction last2 is not complete
