--** parse error line 23, column 6 (token <data>)
