>> inductive type nat was succesfully defined
>> inductive type list was succesfully defined
>> Typing for f successful
>> the definition for f is complete
>> the definition f is provably correct

>> Typing for g1 successful
>> the definition for g1 is complete
>> the definition g1 is provably correct

>> Typing for g2 successful
>> the definition for g2 is complete
>> the definition g2 is provably correct

>> functions in environment:
val
   f : list(list(list(list(nat)))) → nat
    | f (Cons⁹ (Cons⁷ (Cons⁵ (Cons³ Zero¹ Nil³) Nil⁵) Nil⁷) Nil⁹) = Zero¹
    | f x = Zero¹

val
   g1 : 'a → list('b)
    | g1 x = Nil¹

val
   g2 : nat → list(list(list(nat)))
    | g2 x = Nil⁷

>> Typing for f1 successful
>> the definition for f1 is complete
>> the definition f1 is provably correct

val
   f1 : list(list(list(list(nat)))) → nat
    | f1 (Cons¹ (Cons¹ (Cons¹ (Cons¹ Zero¹ Nil¹) Nil¹) Nil¹) Nil¹) = Zero¹
    | f1 x = Zero¹

