-- the functions are correct
-- the functions are NOT provably correct
-- the functions are correct
-- the functions are correct
