>> option verbose is set to 1
>> option allow_structs is set to true
>> coinductive type t was succesfully defined
>> Typing for f successful
>> the definition for f is complete
>> the definition f is provably correct

>> Typing for g successful
>> the definition for g is complete
>> the definition g is provably correct

>> Typing for h successful
>> the definition for h is complete
>> the definition h is provably correct

>> functions in environment:
val
   f : ('a → 'b → 'c → t) → 'a → 'b → 'c → t
    | f a b c d = { D = a b c d }⁰

val
   g : ('a → t) → ('b → 'a) → ('c → 'b) → 'c → t
    | g a b c d = { D = a (b (c d)) }⁰

val
   h : t → t
    | h a = { D = { D = { D = a }⁰ }⁰ }⁰

