>> option verbose is set to 1
>> option show_lists is set to false
>> inductive type list was succesfully defined
>> Typing for test successful
>> the definition for test is complete
!! warning: the definition test is NOT provably total (weight_bound: 2, depth_bound: 2)

