>> option verbose is set to 1
** error: cannot infer type of constant L
