>> option verbose is set to 1
>> option show_lists is set to false
>> inductive type list_aux was succesfully defined
>> coinductive type colist was succesfully defined
>> Typing for map, map_aux successful
>> the definition for map is complete
>> the definition for map_aux is complete
>> the definitions map, map_aux are provably correct

>> functions in environment:
val
    map : ('a → 'b) → colist('a) → colist('b)
  | (map f s).Unfreeze² = map_aux f s.Unfreeze²
and
    map_aux : ('a → 'b) → list_aux('a,colist('a)) → list_aux('b,colist('b))
  | map_aux f Nil¹ = Nil¹
  | map_aux f (Cons¹ x s) = Cons¹ (f x) (map f s)

