>> option verbose is set to 1
>> coinductive type stream was succesfully defined
>> option show_initial_graph is set to true
>> Typing for f successful
>> the definition for f is complete
>> initial callgraph:
>> calls from f to f:
>>     f, x => f, <1ยน>x

!! warning: the definition f is NOT provably total (weight_bound: 2, depth_bound: 2)

