>> option verbose is set to 1
>> inductive type plus was succesfully defined
