>> option verbose is set to 1
** error: type parameter x is free
