>> option verbose is set to 1
>> coinductive type pair was succesfully defined
>> inductive type t was succesfully defined
>> option expand_clauses is set to true
>> Typing for h successful
>> the definition for h is complete
>> the definition h is provably correct

>> option verbose is set to 2
val
   h : pair(t('a),pair(t('b),'c)) → 'b
    | h { Fst = C¹ x₂ ; Snd = { Fst = C¹ x₃ ; Snd = _₁ }² }⁰ = x₃
>> 
>> corresponding case and struct form:
>> x₁ → 
>>   case x₁.Fst of
>>     C x₂  ->  
>>       case x₁.Snd.Fst of
>>         C x₃  ->  x₃

