>> option verbose is set to 1
>> inductive type t was succesfully defined
** error: type undefined doesn't exist
